<?xml version="1.0" encoding="UTF-8"?>
<module type="JAVA_MODULE" version="4">
  <component name="NewModuleRootManager" inherit-compiler-output="true">
    <content url="file://$MODULE_DIR$/../../modules/dep1">
      <sourceFolder url="file://$MODULE_DIR$/../../modules/dep1/src" isTestSource="false"  packagePrefix="modules.dep1.src"  />

    </content>
    <orderEntry type="library" name="library_libs_guava" level="project" scope="COMPILE"  />
    <orderEntry type="library" name="library_libs_jsr305" level="project" scope="COMPILE"  />
    <orderEntry type="library" name="library_libs_junit" level="project" scope="TEST"  />

    <orderEntry type="sourceFolder" forTests="false" />
    <orderEntry type="inheritedJdk" />
  </component>
</module>
