<?xml version="1.0" encoding="UTF-8"?>
<module type="JAVA_MODULE" version="4">
  <component name="NewModuleRootManager" inherit-compiler-output="true">
    <content url="file://$MODULE_DIR$/../../modules/tip">
    </content>
    <orderEntry type="module" module-name="modules_dep1" scope="COMPILE"  />
    <orderEntry type="library" name="library_libs_generated" level="project" scope="TEST"  />
    <orderEntry type="library" name="library_libs_guava" level="project" scope="COMPILE"  />
    <orderEntry type="library" name="library_libs_jsr305" level="project" scope="COMPILE"  />
    <orderEntry type="library" name="library_libs_junit" level="project" scope="TEST"  />

    <orderEntry type="sourceFolder" forTests="false" />
    <orderEntry type="inheritedJdk" />
  </component>
</module>
