<?xml version="1.0" encoding="UTF-8"?>
<module type="JAVA_MODULE" version="4">
  <component name="NewModuleRootManager" inherit-compiler-output="true">
    <exclude-output />
    <content url="file://$MODULE_DIR$">
      <sourceFolder url="file://$MODULE_DIR$/default" isTestSource="false" packagePrefix="org.example" />
      <sourceFolder url="file://$MODULE_DIR$/default/dep1" isTestSource="false" packagePrefix="org.example.dep1" />
      <excludeFolder url="file://$MODULE_DIR$/default/dep1/android_res" isTestSource="false" />
      <sourceFolder url="file://$MODULE_DIR$/default/dep1/nested" isTestSource="false" packagePrefix="org.example.lib" />
      <sourceFolder url="file://$MODULE_DIR$/default/tip" isTestSource="false" packagePrefix="org.example.tip" />
    </content>
    <orderEntry type="inheritedJdk" />
    <orderEntry type="sourceFolder" forTests="false" />
  </component>
</module>