{"required-targets":["other_cell//:gen","//lib:gen"]}