<component name="libraryTable">
  <library name="library_project2_dep_dep">
    <CLASSES>
      <root url="jar://$PROJECT_DIR$/../buck-out/gen/project2/dep/lib__dep__output/dep.jar!/" />
    </CLASSES>
    <JAVADOC />
    <SOURCES />
  </library>
</component>