<component name="libraryTable">
  <library name="library_project2_lib_lib">
    <CLASSES>
      <root url="jar://$PROJECT_DIR$/../buck-out/gen/project2/lib/lib__lib__output/lib.jar!/" />
    </CLASSES>
    <JAVADOC />
    <SOURCES />
  </library>
</component>