<?xml version="1.0" encoding="UTF-8"?>
<project version="4">
  <component name="ProjectModuleManager">
    <modules>
      <module fileurl="file://$PROJECT_DIR$/java/code/java_modules/java_code_java_modules.iml" filepath="$PROJECT_DIR$/java/code/java_modules/java_code_java_modules.iml" group="modules" />
      <module fileurl="file://$PROJECT_DIR$/java/code/java_modules/modules_with_default_language_level/tip/src/nested_module/java_code_java_modules_modules_with_default_language_level_tip_src_nested_module.iml" filepath="$PROJECT_DIR$/java/code/java_modules/modules_with_default_language_level/tip/src/nested_module/java_code_java_modules_modules_with_default_language_level_tip_src_nested_module.iml" group="modules" />
      <module fileurl="file://$PROJECT_DIR$/java/code/java_modules/modules_with_java_7/java_code_java_modules_modules_with_java_7.iml" filepath="$PROJECT_DIR$/java/code/java_modules/modules_with_java_7/java_code_java_modules_modules_with_java_7.iml" group="modules" />
      <module fileurl="file://$PROJECT_DIR$/java/code/java_modules/modules_with_java_8/java_code_java_modules_modules_with_java_8.iml" filepath="$PROJECT_DIR$/java/code/java_modules/modules_with_java_8/java_code_java_modules_modules_with_java_8.iml" group="modules" />
      <module fileurl="file://$PROJECT_DIR$/java/code/modules/java_code_modules.iml" filepath="$PROJECT_DIR$/java/code/modules/java_code_modules.iml" group="modules" />
      <module fileurl="file://$PROJECT_DIR$/project_root.iml" filepath="$PROJECT_DIR$/project_root.iml" />
    </modules>
  </component>
</project>
