<?xml version="1.0" encoding="UTF-8"?>
<project version="4">
  <component name="ProjectModuleManager">
    <modules>
      <module fileurl="file://$PROJECT_DIR$/java/code/java_modules/java_code_java_modules.iml" filepath="$PROJECT_DIR$/java/code/java_modules/java_code_java_modules.iml" group="modules" />
      <module fileurl="file://$PROJECT_DIR$/java/code/java_modules/modules_with_java_7/dep1/java_code_java_modules_modules_with_java_7_dep1.iml" filepath="$PROJECT_DIR$/java/code/java_modules/modules_with_java_7/dep1/java_code_java_modules_modules_with_java_7_dep1.iml" group="modules" />
      <module fileurl="file://$PROJECT_DIR$/java/code/java_modules/modules_with_java_7/tip/java_code_java_modules_modules_with_java_7_tip.iml" filepath="$PROJECT_DIR$/java/code/java_modules/modules_with_java_7/tip/java_code_java_modules_modules_with_java_7_tip.iml" group="modules" />
      <module fileurl="file://$PROJECT_DIR$/java/code/java_modules/modules_with_java_8/dep1/java_code_java_modules_modules_with_java_8_dep1.iml" filepath="$PROJECT_DIR$/java/code/java_modules/modules_with_java_8/dep1/java_code_java_modules_modules_with_java_8_dep1.iml" group="modules" />
      <module fileurl="file://$PROJECT_DIR$/java/code/java_modules/modules_with_java_8/tip/java_code_java_modules_modules_with_java_8_tip.iml" filepath="$PROJECT_DIR$/java/code/java_modules/modules_with_java_8/tip/java_code_java_modules_modules_with_java_8_tip.iml" group="modules" />
      <module fileurl="file://$PROJECT_DIR$/java/code/modules/java_code_modules.iml" filepath="$PROJECT_DIR$/java/code/modules/java_code_modules.iml" group="modules" />
      <module fileurl="file://$PROJECT_DIR$/project_root.iml" filepath="$PROJECT_DIR$/project_root.iml" />
    </modules>
  </component>
</project>
