<?xml version="1.0" encoding="UTF-8" standalone="no"?><Scheme LastUpgradeVersion="9999" version="1.7"><BuildAction buildImplicitDependencies="YES" parallelizeBuildables="YES"><BuildActionEntries><BuildActionEntry buildForAnalyzing="YES" buildForArchiving="YES" buildForProfiling="YES" buildForRunning="YES" buildForTesting="YES"><BuildableReference BlueprintIdentifier="E66DC04EBFB4AD1E00000000" BlueprintName="ConfigAppName" BuildableIdentifier="primary" BuildableName="ConfigAppName.app" ReferencedContainer="container:App.xcodeproj"/></BuildActionEntry></BuildActionEntries></BuildAction><TestAction buildConfiguration="Debug" shouldUseLaunchSchemeArgsEnv="YES"><Testables/></TestAction><LaunchAction buildConfiguration="Debug"><BuildableProductRunnable><BuildableReference BlueprintIdentifier="E66DC04EBFB4AD1E00000000" BlueprintName="ConfigAppName" BuildableIdentifier="primary" BuildableName="ConfigAppName.app" ReferencedContainer="container:App.xcodeproj"/></BuildableProductRunnable></LaunchAction><ProfileAction buildConfiguration="Release"><BuildableProductRunnable><BuildableReference BlueprintIdentifier="E66DC04EBFB4AD1E00000000" BlueprintName="ConfigAppName" BuildableIdentifier="primary" BuildableName="ConfigAppName.app" ReferencedContainer="container:App.xcodeproj"/></BuildableProductRunnable></ProfileAction><AnalyzeAction buildConfiguration="Debug"/><ArchiveAction buildConfiguration="Release" revealArchiveInOrganizer="YES"/></Scheme>